---
source: tui/src/memory_manager.rs
expression: screen
---
┌Memory Manager────────────────────────────────────────────────────────────────────────────────────────────────────────┐
│[┌Confirm Delete────────────────────────────────────────────────────────────────────────────────────────────────────┐r│
│C│Delete memory “Summarise CLI install steps for offline docs”?                                                     │ │
└─│                                                                                                                  │─┘
┌R│                                                                                                                  │─┐
│[│                                                                                                                  │ │
│[│                                                                                                                  │ │
│ │                                                                                                                  │ │
│ │                                                                                                                  │ │
│ │                                                                                                                  │ │
│ │                                                                                                                  │ │
│ │                                                                                                                  │ │
│ │                                                                                                                  │ │
│ │                                                                                                                  │ │
│ │                                                                                                                  │ │
│ │                                                                                                                  │ │
│ │                                                                                                                  │ │
│ │                                                                                                                  │ │
│ │                                                                                                                  │ │
│ │                                                                                                                  │ │
│ │                                                                                                                  │ │
│ │                                                                                                                  │ │
│ │                                                                                                                  │ │
│ │                                                                                                                  │ │
│ │                                                                                                                  │ │
│ │                                                                                                                  │ │
│ │                                                                                                                  │ │
└─│[Enter] confirm   [Esc] cancel                                                                                    │─┘
[+└──────────────────────────────────────────────────────────────────────────────────────────────────────────────────┘c]
Memories: 2
