---
source: tui/src/memory_manager.rs
expression: screen
---
┌Memory Manager────────────────────────────────────────────────────────────────────────────────────────────────────────┐
│[┌Edit Memory · CF  91%─────────────────────────────────────────────────────────────────────────────────────────────┐r│
│C│Summary  (editing)                                                                                                │ │
└─│Summarise CLI install steps for offline docs▌                                                                     │─┘
┌R│                                                                                                                  │─┐
│[│                                                                                                                  │ │
│[│                                                                                                                  │ │
│ │                                                                                                                  │ │
│ │                                                                                                                  │ │
│ │                                                                                                                  │ │
│ │                                                                                                                  │ │
│ │                                                                                                                  │ │
│ │                                                                                                                  │ │
│ │                                                                                                                  │ │
│ │                                                                                                                  │ │
│ │                                                                                                                  │ │
│ │                                                                                                                  │ │
│ │                                                                                                                  │ │
│ │                                                                                                                  │ │
│ │                                                                                                                  │ │
│ │                                                                                                                  │ │
│ │                                                                                                                  │ │
│ │                                                                                                                  │ │
│ │                                                                                                                  │ │
│ │                                                                                                                  │ │
│ │Tags (comma separated)                                                                                            │ │
│ │cli, docs                                                                                                         │ │
└─│[Esc] done   [Tab] switch field   [Shift+Enter] newline                                                           │─┘
[+└──────────────────────────────────────────────────────────────────────────────────────────────────────────────────┘c]
Memories: 2
